c:\users\kkth3\onedrive\문서\github\ngfinalproject\1945_server\1945_server\1945_server\x64\debug\1945_server.pch
c:\users\kkth3\onedrive\문서\github\ngfinalproject\1945_server\1945_server\1945_server\x64\debug\vc143.pdb
c:\users\kkth3\onedrive\문서\github\ngfinalproject\1945_server\1945_server\1945_server\x64\debug\vc143.idb
c:\users\kkth3\onedrive\문서\github\ngfinalproject\1945_server\1945_server\1945_server\x64\debug\pch.obj
c:\users\kkth3\onedrive\문서\github\ngfinalproject\1945_server\1945_server\1945_server\x64\debug\player2.obj
c:\users\kkth3\onedrive\문서\github\ngfinalproject\1945_server\1945_server\1945_server\x64\debug\player1.obj
c:\users\kkth3\onedrive\문서\github\ngfinalproject\1945_server\1945_server\1945_server\x64\debug\object_manager.obj
c:\users\kkth3\onedrive\문서\github\ngfinalproject\1945_server\1945_server\1945_server\x64\debug\monster_bullet.obj
c:\users\kkth3\onedrive\문서\github\ngfinalproject\1945_server\1945_server\1945_server\x64\debug\monster_2.obj
c:\users\kkth3\onedrive\문서\github\ngfinalproject\1945_server\1945_server\1945_server\x64\debug\monster_1.obj
c:\users\kkth3\onedrive\문서\github\ngfinalproject\1945_server\1945_server\1945_server\x64\debug\level_menu.obj
c:\users\kkth3\onedrive\문서\github\ngfinalproject\1945_server\1945_server\1945_server\x64\debug\level_manager.obj
c:\users\kkth3\onedrive\문서\github\ngfinalproject\1945_server\1945_server\1945_server\x64\debug\level_gameplay.obj
c:\users\kkth3\onedrive\문서\github\ngfinalproject\1945_server\1945_server\1945_server\x64\debug\level.obj
c:\users\kkth3\onedrive\문서\github\ngfinalproject\1945_server\1945_server\1945_server\x64\debug\gameobject.obj
c:\users\kkth3\onedrive\문서\github\ngfinalproject\1945_server\1945_server\1945_server\x64\debug\finger2.obj
c:\users\kkth3\onedrive\문서\github\ngfinalproject\1945_server\1945_server\1945_server\x64\debug\finger.obj
c:\users\kkth3\onedrive\문서\github\ngfinalproject\1945_server\1945_server\1945_server\x64\debug\define.obj
c:\users\kkth3\onedrive\문서\github\ngfinalproject\1945_server\1945_server\1945_server\x64\debug\collision_manager.obj
c:\users\kkth3\onedrive\문서\github\ngfinalproject\1945_server\1945_server\1945_server\x64\debug\client_connection.obj
c:\users\kkth3\onedrive\문서\github\ngfinalproject\1945_server\1945_server\1945_server\x64\debug\boss_posin.obj
c:\users\kkth3\onedrive\문서\github\ngfinalproject\1945_server\1945_server\1945_server\x64\debug\boss_gun.obj
c:\users\kkth3\onedrive\문서\github\ngfinalproject\1945_server\1945_server\1945_server\x64\debug\boss_bullet.obj
c:\users\kkth3\onedrive\문서\github\ngfinalproject\1945_server\1945_server\1945_server\x64\debug\boss.obj
c:\users\kkth3\onedrive\문서\github\ngfinalproject\1945_server\1945_server\1945_server\x64\debug\serverframework.obj
c:\users\kkth3\onedrive\문서\github\ngfinalproject\1945_server\1945_server\1945_server\x64\debug\player_bullet.obj
c:\users\kkth3\onedrive\문서\github\ngfinalproject\1945_server\1945_server\x64\debug\1945_server.exe
c:\users\kkth3\onedrive\문서\github\ngfinalproject\1945_server\1945_server\x64\debug\1945_server.pdb
c:\users\kkth3\onedrive\문서\github\ngfinalproject\1945_server\1945_server\1945_server\x64\debug\1945_server.ilk
c:\users\kkth3\onedrive\문서\github\ngfinalproject\1945_server\1945_server\1945_server\x64\debug\1945_server.tlog\cl.command.1.tlog
c:\users\kkth3\onedrive\문서\github\ngfinalproject\1945_server\1945_server\1945_server\x64\debug\1945_server.tlog\cl.items.tlog
c:\users\kkth3\onedrive\문서\github\ngfinalproject\1945_server\1945_server\1945_server\x64\debug\1945_server.tlog\cl.read.1.tlog
c:\users\kkth3\onedrive\문서\github\ngfinalproject\1945_server\1945_server\1945_server\x64\debug\1945_server.tlog\cl.write.1.tlog
c:\users\kkth3\onedrive\문서\github\ngfinalproject\1945_server\1945_server\1945_server\x64\debug\1945_server.tlog\link.command.1.tlog
c:\users\kkth3\onedrive\문서\github\ngfinalproject\1945_server\1945_server\1945_server\x64\debug\1945_server.tlog\link.read.1.tlog
c:\users\kkth3\onedrive\문서\github\ngfinalproject\1945_server\1945_server\1945_server\x64\debug\1945_server.tlog\link.secondary.1.tlog
c:\users\kkth3\onedrive\문서\github\ngfinalproject\1945_server\1945_server\1945_server\x64\debug\1945_server.tlog\link.write.1.tlog
