c:\users\kkth3\onedrive\문서\github\ngfinalproject\1945_server\1945_server\1945_server\x64\release\1945_server.pch
c:\users\kkth3\onedrive\문서\github\ngfinalproject\1945_server\1945_server\1945_server\x64\release\vc143.pdb
c:\users\kkth3\onedrive\문서\github\ngfinalproject\1945_server\1945_server\1945_server\x64\release\pch.obj
c:\users\kkth3\onedrive\문서\github\ngfinalproject\1945_server\1945_server\1945_server\x64\release\serverframework.obj
c:\users\kkth3\onedrive\문서\github\ngfinalproject\1945_server\1945_server\1945_server\x64\release\level_menu.obj
c:\users\kkth3\onedrive\문서\github\ngfinalproject\1945_server\1945_server\1945_server\x64\release\level_manager.obj
c:\users\kkth3\onedrive\문서\github\ngfinalproject\1945_server\1945_server\1945_server\x64\release\level_gameplay.obj
c:\users\kkth3\onedrive\문서\github\ngfinalproject\1945_server\1945_server\1945_server\x64\release\level.obj
c:\users\kkth3\onedrive\문서\github\ngfinalproject\1945_server\1945_server\1945_server\x64\release\player2.obj
c:\users\kkth3\onedrive\문서\github\ngfinalproject\1945_server\1945_server\1945_server\x64\release\player1.obj
c:\users\kkth3\onedrive\문서\github\ngfinalproject\1945_server\1945_server\1945_server\x64\release\object_manager.obj
c:\users\kkth3\onedrive\문서\github\ngfinalproject\1945_server\1945_server\1945_server\x64\release\monster_bullet.obj
c:\users\kkth3\onedrive\문서\github\ngfinalproject\1945_server\1945_server\1945_server\x64\release\monster_2.obj
c:\users\kkth3\onedrive\문서\github\ngfinalproject\1945_server\1945_server\1945_server\x64\release\monster_1.obj
c:\users\kkth3\onedrive\문서\github\ngfinalproject\1945_server\1945_server\1945_server\x64\release\gameobject.obj
c:\users\kkth3\onedrive\문서\github\ngfinalproject\1945_server\1945_server\1945_server\x64\release\finger2.obj
c:\users\kkth3\onedrive\문서\github\ngfinalproject\1945_server\1945_server\1945_server\x64\release\finger.obj
c:\users\kkth3\onedrive\문서\github\ngfinalproject\1945_server\1945_server\1945_server\x64\release\define.obj
c:\users\kkth3\onedrive\문서\github\ngfinalproject\1945_server\1945_server\1945_server\x64\release\collision_manager.obj
c:\users\kkth3\onedrive\문서\github\ngfinalproject\1945_server\1945_server\1945_server\x64\release\client_connection.obj
c:\users\kkth3\onedrive\문서\github\ngfinalproject\1945_server\1945_server\1945_server\x64\release\boss_posin.obj
c:\users\kkth3\onedrive\문서\github\ngfinalproject\1945_server\1945_server\1945_server\x64\release\boss_gun.obj
c:\users\kkth3\onedrive\문서\github\ngfinalproject\1945_server\1945_server\1945_server\x64\release\boss_bullet.obj
c:\users\kkth3\onedrive\문서\github\ngfinalproject\1945_server\1945_server\1945_server\x64\release\boss.obj
c:\users\kkth3\onedrive\문서\github\ngfinalproject\1945_server\1945_server\1945_server\x64\release\player_bullet.obj
c:\users\kkth3\onedrive\문서\github\ngfinalproject\1945_server\1945_server\1945_server\x64\release\1945_server.ipdb
c:\users\kkth3\onedrive\문서\github\ngfinalproject\1945_server\1945_server\1945_server\x64\release\1945_server.tlog\cl.command.1.tlog
c:\users\kkth3\onedrive\문서\github\ngfinalproject\1945_server\1945_server\1945_server\x64\release\1945_server.tlog\cl.read.1.tlog
c:\users\kkth3\onedrive\문서\github\ngfinalproject\1945_server\1945_server\1945_server\x64\release\1945_server.tlog\cl.write.1.tlog
c:\users\kkth3\onedrive\문서\github\ngfinalproject\1945_server\1945_server\1945_server\x64\release\1945_server.tlog\link.command.1.tlog
c:\users\kkth3\onedrive\문서\github\ngfinalproject\1945_server\1945_server\1945_server\x64\release\1945_server.tlog\link.read.1.tlog
c:\users\kkth3\onedrive\문서\github\ngfinalproject\1945_server\1945_server\1945_server\x64\release\1945_server.tlog\link.read.38.tlog
c:\users\kkth3\onedrive\문서\github\ngfinalproject\1945_server\1945_server\1945_server\x64\release\1945_server.tlog\link.write.1.tlog
