c:\users\kkth3\onedrive\문서\github\ngfinalproject\1945_client\1945모작\x64\debug\1945모작.pch
c:\users\kkth3\onedrive\문서\github\ngfinalproject\1945_client\1945모작\x64\debug\vc143.pdb
c:\users\kkth3\onedrive\문서\github\ngfinalproject\1945_client\1945모작\x64\debug\vc143.idb
c:\users\kkth3\onedrive\문서\github\ngfinalproject\1945_client\1945모작\x64\debug\pch.obj
c:\users\kkth3\onedrive\문서\github\ngfinalproject\1945_client\1945모작\x64\debug\level_gameend.obj
c:\users\kkth3\onedrive\문서\github\ngfinalproject\1945_client\1945모작\x64\debug\level.obj
c:\users\kkth3\onedrive\문서\github\ngfinalproject\1945_client\1945모작\x64\debug\gameobject.obj
c:\users\kkth3\onedrive\문서\github\ngfinalproject\1945_client\1945모작\x64\debug\level_gameplay.obj
c:\users\kkth3\onedrive\문서\github\ngfinalproject\1945_client\1945모작\x64\debug\level_gameover.obj
c:\users\kkth3\onedrive\문서\github\ngfinalproject\1945_client\1945모작\x64\debug\key_manager.obj
c:\users\kkth3\onedrive\문서\github\ngfinalproject\1945_client\1945모작\x64\debug\finger.obj
c:\users\kkth3\onedrive\문서\github\ngfinalproject\1945_client\1945모작\x64\debug\explosion_object.obj
c:\users\kkth3\onedrive\문서\github\ngfinalproject\1945_client\1945모작\x64\debug\errormsg.obj
c:\users\kkth3\onedrive\문서\github\ngfinalproject\1945_client\1945모작\x64\debug\enemy_bullet.obj
c:\users\kkth3\onedrive\문서\github\ngfinalproject\1945_client\1945모작\x64\debug\enemy_2.obj
c:\users\kkth3\onedrive\문서\github\ngfinalproject\1945_client\1945모작\x64\debug\enemy_1.obj
c:\users\kkth3\onedrive\문서\github\ngfinalproject\1945_client\1945모작\x64\debug\collision_manager.obj
c:\users\kkth3\onedrive\문서\github\ngfinalproject\1945_client\1945모작\x64\debug\boss_posin.obj
c:\users\kkth3\onedrive\문서\github\ngfinalproject\1945_client\1945모작\x64\debug\button.obj
c:\users\kkth3\onedrive\문서\github\ngfinalproject\1945_client\1945모작\x64\debug\boss_gun.obj
c:\users\kkth3\onedrive\문서\github\ngfinalproject\1945_client\1945모작\x64\debug\boss_bullet.obj
c:\users\kkth3\onedrive\문서\github\ngfinalproject\1945_client\1945모작\x64\debug\boss.obj
c:\users\kkth3\onedrive\문서\github\ngfinalproject\1945_client\1945모작\x64\debug\bmp_manager.obj
c:\users\kkth3\onedrive\문서\github\ngfinalproject\1945_client\1945모작\x64\debug\1945모작.obj
c:\users\kkth3\onedrive\문서\github\ngfinalproject\1945_client\1945모작\x64\debug\ui.obj
c:\users\kkth3\onedrive\문서\github\ngfinalproject\1945_client\1945모작\x64\debug\server_connection.obj
c:\users\kkth3\onedrive\문서\github\ngfinalproject\1945_client\1945모작\x64\debug\player_bullet.obj
c:\users\kkth3\onedrive\문서\github\ngfinalproject\1945_client\1945모작\x64\debug\player.obj
c:\users\kkth3\onedrive\문서\github\ngfinalproject\1945_client\1945모작\x64\debug\object_manager.obj
c:\users\kkth3\onedrive\문서\github\ngfinalproject\1945_client\1945모작\x64\debug\mybmp.obj
c:\users\kkth3\onedrive\문서\github\ngfinalproject\1945_client\1945모작\x64\debug\maingame.obj
c:\users\kkth3\onedrive\문서\github\ngfinalproject\1945_client\1945모작\x64\debug\level_menu.obj
c:\users\kkth3\onedrive\문서\github\ngfinalproject\1945_client\1945모작\x64\debug\level_manager.obj
c:\users\kkth3\onedrive\문서\github\ngfinalproject\1945_client\x64\debug\1945모작.exe
c:\users\kkth3\onedrive\문서\github\ngfinalproject\1945_client\x64\debug\1945모작.pdb
c:\users\kkth3\onedrive\문서\github\ngfinalproject\1945_client\1945모작\x64\debug\1945모작.res
c:\users\kkth3\onedrive\문서\github\ngfinalproject\1945_client\1945모작\x64\debug\1945모작.ilk
c:\users\kkth3\onedrive\문서\github\ngfinalproject\1945_client\1945모작\x64\debug\1945모작.tlog\cl.command.1.tlog
c:\users\kkth3\onedrive\문서\github\ngfinalproject\1945_client\1945모작\x64\debug\1945모작.tlog\cl.items.tlog
c:\users\kkth3\onedrive\문서\github\ngfinalproject\1945_client\1945모작\x64\debug\1945모작.tlog\cl.read.1.tlog
c:\users\kkth3\onedrive\문서\github\ngfinalproject\1945_client\1945모작\x64\debug\1945모작.tlog\cl.write.1.tlog
c:\users\kkth3\onedrive\문서\github\ngfinalproject\1945_client\1945모작\x64\debug\1945모작.tlog\link.command.1.tlog
c:\users\kkth3\onedrive\문서\github\ngfinalproject\1945_client\1945모작\x64\debug\1945모작.tlog\link.read.1.tlog
c:\users\kkth3\onedrive\문서\github\ngfinalproject\1945_client\1945모작\x64\debug\1945모작.tlog\link.secondary.1.tlog
c:\users\kkth3\onedrive\문서\github\ngfinalproject\1945_client\1945모작\x64\debug\1945모작.tlog\link.write.1.tlog
c:\users\kkth3\onedrive\문서\github\ngfinalproject\1945_client\1945모작\x64\debug\1945모작.tlog\rc.command.1.tlog
c:\users\kkth3\onedrive\문서\github\ngfinalproject\1945_client\1945모작\x64\debug\1945모작.tlog\rc.read.1.tlog
c:\users\kkth3\onedrive\문서\github\ngfinalproject\1945_client\1945모작\x64\debug\1945모작.tlog\rc.write.1.tlog
